parseFile "d:/data/dev/cbc-1.0/test/add.cb"
parseFile "d:/data/dev/cbc-1.0/test/addressof.cb"
parseFile "d:/data/dev/cbc-1.0/test/alloca.cb"
parseFile "d:/data/dev/cbc-1.0/test/alloca2.cb"
parseFile "d:/data/dev/cbc-1.0/test/aref-semcheck.cb"
parseFile "d:/data/dev/cbc-1.0/test/aref-semcheck2.cb"
parseFile "d:/data/dev/cbc-1.0/test/array-semcheck1.cb"
parseFile "d:/data/dev/cbc-1.0/test/array.cb"
parseFile "d:/data/dev/cbc-1.0/test/array2.cb"
parseFile "d:/data/dev/cbc-1.0/test/assign.cb"
parseFile "d:/data/dev/cbc-1.0/test/assoc.cb"
parseFile "d:/data/dev/cbc-1.0/test/bitand.cb"
parseFile "d:/data/dev/cbc-1.0/test/bitnot.cb"
parseFile "d:/data/dev/cbc-1.0/test/bitor.cb"
parseFile "d:/data/dev/cbc-1.0/test/bitxor.cb"
parseFile "d:/data/dev/cbc-1.0/test/block.cb"
parseFile "d:/data/dev/cbc-1.0/test/break-semcheck.cb"
parseFile "d:/data/dev/cbc-1.0/test/cast.cb"
parseFile "d:/data/dev/cbc-1.0/test/cast2.cb"
parseFile "d:/data/dev/cbc-1.0/test/charops.cb"
parseFile "d:/data/dev/cbc-1.0/test/charops2.cb"
parseFile "d:/data/dev/cbc-1.0/test/comm.cb"
parseFile "d:/data/dev/cbc-1.0/test/condexpr.cb"
parseFile "d:/data/dev/cbc-1.0/test/const.cb"
parseFile "d:/data/dev/cbc-1.0/test/continue-semcheck.cb"
parseFile "d:/data/dev/cbc-1.0/test/dec.cb"
parseFile "d:/data/dev/cbc-1.0/test/decloverride.cb"
parseFile "d:/data/dev/cbc-1.0/test/decloverride.hb"
parseFile "d:/data/dev/cbc-1.0/test/decloverride2.cb"
parseFile "d:/data/dev/cbc-1.0/test/decloverride2.hb"
parseFile "d:/data/dev/cbc-1.0/test/defun-semcheck.cb"
parseFile "d:/data/dev/cbc-1.0/test/defun-semcheck2.cb"
parseFile "d:/data/dev/cbc-1.0/test/defun-semcheck3.cb"
parseFile "d:/data/dev/cbc-1.0/test/defun-semcheck4.cb"
parseFile "d:/data/dev/cbc-1.0/test/defun-semcheck5.cb"
parseFile "d:/data/dev/cbc-1.0/test/defun-semcheck6.cb"
parseFile "d:/data/dev/cbc-1.0/test/defun-semcheck7.cb"
parseFile "d:/data/dev/cbc-1.0/test/defun-semcheck8.cb"
parseFile "d:/data/dev/cbc-1.0/test/defvar.cb"
parseFile "d:/data/dev/cbc-1.0/test/deref-semcheck1.cb"
parseFile "d:/data/dev/cbc-1.0/test/deref-semcheck2.cb"
parseFile "d:/data/dev/cbc-1.0/test/deref-semcheck3.cb"
parseFile "d:/data/dev/cbc-1.0/test/deref-semcheck4.cb"
parseFile "d:/data/dev/cbc-1.0/test/deref-semcheck5.cb"
parseFile "d:/data/dev/cbc-1.0/test/div.cb"
parseFile "d:/data/dev/cbc-1.0/test/dowhile-break.cb"
parseFile "d:/data/dev/cbc-1.0/test/dowhile-continue.cb"
parseFile "d:/data/dev/cbc-1.0/test/dowhile1.cb"
parseFile "d:/data/dev/cbc-1.0/test/dowhile2.cb"
parseFile "d:/data/dev/cbc-1.0/test/dowhile3.cb"
parseFile "d:/data/dev/cbc-1.0/test/duplicated-import.cb"
parseFile "d:/data/dev/cbc-1.0/test/empstruct.cb"
parseFile "d:/data/dev/cbc-1.0/test/eq.cb"
parseFile "d:/data/dev/cbc-1.0/test/for-break.cb"
parseFile "d:/data/dev/cbc-1.0/test/for-continue.cb"
parseFile "d:/data/dev/cbc-1.0/test/for1.cb"
parseFile "d:/data/dev/cbc-1.0/test/fork.cb"
parseFile "d:/data/dev/cbc-1.0/test/funcall-semcheck.cb"
parseFile "d:/data/dev/cbc-1.0/test/funcall-semcheck2.cb"
parseFile "d:/data/dev/cbc-1.0/test/funcall0.cb"
parseFile "d:/data/dev/cbc-1.0/test/funcall1.cb"
parseFile "d:/data/dev/cbc-1.0/test/funcall2.cb"
parseFile "d:/data/dev/cbc-1.0/test/funcall3.cb"
parseFile "d:/data/dev/cbc-1.0/test/funcall4.cb"
parseFile "d:/data/dev/cbc-1.0/test/funcall5.cb"
parseFile "d:/data/dev/cbc-1.0/test/funcptr.cb"
parseFile "d:/data/dev/cbc-1.0/test/gt.cb"
parseFile "d:/data/dev/cbc-1.0/test/gteq.cb"
parseFile "d:/data/dev/cbc-1.0/test/gvar.cb"
parseFile "d:/data/dev/cbc-1.0/test/hello.cb"
parseFile "d:/data/dev/cbc-1.0/test/hello2.cb"
parseFile "d:/data/dev/cbc-1.0/test/hello3.cb"
parseFile "d:/data/dev/cbc-1.0/test/hello4.cb"
parseFile "d:/data/dev/cbc-1.0/test/if1.cb"
parseFile "d:/data/dev/cbc-1.0/test/if2.cb"
parseFile "d:/data/dev/cbc-1.0/test/implicitaddr.cb"
parseFile "d:/data/dev/cbc-1.0/test/inc.cb"
parseFile "d:/data/dev/cbc-1.0/test/initializer.cb"
parseFile "d:/data/dev/cbc-1.0/test/integer.cb"
parseFile "d:/data/dev/cbc-1.0/test/intops.cb"
parseFile "d:/data/dev/cbc-1.0/test/invalidstmt1.cb"
parseFile "d:/data/dev/cbc-1.0/test/invalidstmt2.cb"
parseFile "d:/data/dev/cbc-1.0/test/logicaland.cb"
parseFile "d:/data/dev/cbc-1.0/test/logicalnot.cb"
parseFile "d:/data/dev/cbc-1.0/test/logicalor.cb"
parseFile "d:/data/dev/cbc-1.0/test/longops.cb"
parseFile "d:/data/dev/cbc-1.0/test/lshift.cb"
parseFile "d:/data/dev/cbc-1.0/test/lt.cb"
parseFile "d:/data/dev/cbc-1.0/test/lteq.cb"
parseFile "d:/data/dev/cbc-1.0/test/lvar1.cb"
parseFile "d:/data/dev/cbc-1.0/test/lvar2.cb"
parseFile "d:/data/dev/cbc-1.0/test/mdarray.cb"
parseFile "d:/data/dev/cbc-1.0/test/mdarray2.cb"
parseFile "d:/data/dev/cbc-1.0/test/mod.cb"
parseFile "d:/data/dev/cbc-1.0/test/mul.cb"
parseFile "d:/data/dev/cbc-1.0/test/neq.cb"
parseFile "d:/data/dev/cbc-1.0/test/noreturn.cb"
parseFile "d:/data/dev/cbc-1.0/test/one.cb"
parseFile "d:/data/dev/cbc-1.0/test/opassign.cb"
parseFile "d:/data/dev/cbc-1.0/test/param.cb"
parseFile "d:/data/dev/cbc-1.0/test/pointer.cb"
parseFile "d:/data/dev/cbc-1.0/test/pointer2.cb"
parseFile "d:/data/dev/cbc-1.0/test/pointer3.cb"
parseFile "d:/data/dev/cbc-1.0/test/pointer4.cb"
parseFile "d:/data/dev/cbc-1.0/test/ptrarray.cb"
parseFile "d:/data/dev/cbc-1.0/test/ptrdiff.cb"
parseFile "d:/data/dev/cbc-1.0/test/ptrmemb.cb"
parseFile "d:/data/dev/cbc-1.0/test/ptrmemb2.cb"
parseFile "d:/data/dev/cbc-1.0/test/recursivetypedef.cb"
parseFile "d:/data/dev/cbc-1.0/test/rshift.cb"
parseFile "d:/data/dev/cbc-1.0/test/run.sh"
parseFile "d:/data/dev/cbc-1.0/test/scomm.cb"
parseFile "d:/data/dev/cbc-1.0/test/setjmptest.cb"
parseFile "d:/data/dev/cbc-1.0/test/sgvar.cb"
parseFile "d:/data/dev/cbc-1.0/test/shortops.cb"
parseFile "d:/data/dev/cbc-1.0/test/shortops2.cb"
parseFile "d:/data/dev/cbc-1.0/test/shunit.sh"
parseFile "d:/data/dev/cbc-1.0/test/sizeof-expr.cb"
parseFile "d:/data/dev/cbc-1.0/test/sizeof-struct.cb"
parseFile "d:/data/dev/cbc-1.0/test/sizeof-type.cb"
parseFile "d:/data/dev/cbc-1.0/test/sizeof-union.cb"
parseFile "d:/data/dev/cbc-1.0/test/slcomm.cb"
parseFile "d:/data/dev/cbc-1.0/test/slvar.cb"
parseFile "d:/data/dev/cbc-1.0/test/src1.cb"
parseFile "d:/data/dev/cbc-1.0/test/src1.hb"
parseFile "d:/data/dev/cbc-1.0/test/src2.cb"
parseFile "d:/data/dev/cbc-1.0/test/staticfunc.cb"
parseFile "d:/data/dev/cbc-1.0/test/string.cb"
parseFile "d:/data/dev/cbc-1.0/test/struct-semcheck.cb"
parseFile "d:/data/dev/cbc-1.0/test/struct-semcheck10.cb"
parseFile "d:/data/dev/cbc-1.0/test/struct-semcheck2.cb"
parseFile "d:/data/dev/cbc-1.0/test/struct-semcheck3.cb"
parseFile "d:/data/dev/cbc-1.0/test/struct-semcheck4.cb"
parseFile "d:/data/dev/cbc-1.0/test/struct-semcheck5.cb"
parseFile "d:/data/dev/cbc-1.0/test/struct-semcheck6.cb"
parseFile "d:/data/dev/cbc-1.0/test/struct-semcheck7.cb"
parseFile "d:/data/dev/cbc-1.0/test/struct-semcheck8.cb"
parseFile "d:/data/dev/cbc-1.0/test/struct-semcheck9.cb"
parseFile "d:/data/dev/cbc-1.0/test/struct.cb"
parseFile "d:/data/dev/cbc-1.0/test/struct2.cb"
parseFile "d:/data/dev/cbc-1.0/test/struct3.cb"
parseFile "d:/data/dev/cbc-1.0/test/sub.cb"
parseFile "d:/data/dev/cbc-1.0/test/switch.cb"
parseFile "d:/data/dev/cbc-1.0/test/syntax1.cb"
parseFile "d:/data/dev/cbc-1.0/test/syntax2.cb"
parseFile "d:/data/dev/cbc-1.0/test/syntax3.cb"
parseFile "d:/data/dev/cbc-1.0/test/test_cbc.sh"
parseFile "d:/data/dev/cbc-1.0/test/textwrite.cb"
parseFile "d:/data/dev/cbc-1.0/test/ucharops.cb"
parseFile "d:/data/dev/cbc-1.0/test/ucharops2.cb"
parseFile "d:/data/dev/cbc-1.0/test/uintops.cb"
parseFile "d:/data/dev/cbc-1.0/test/ulongops.cb"
parseFile "d:/data/dev/cbc-1.0/test/unaryminus.cb"
parseFile "d:/data/dev/cbc-1.0/test/unaryplus.cb"
parseFile "d:/data/dev/cbc-1.0/test/union-semcheck.cb"
parseFile "d:/data/dev/cbc-1.0/test/union-semcheck10.cb"
parseFile "d:/data/dev/cbc-1.0/test/union-semcheck2.cb"
parseFile "d:/data/dev/cbc-1.0/test/union-semcheck3.cb"
parseFile "d:/data/dev/cbc-1.0/test/union-semcheck4.cb"
parseFile "d:/data/dev/cbc-1.0/test/union-semcheck5.cb"
parseFile "d:/data/dev/cbc-1.0/test/union-semcheck6.cb"
parseFile "d:/data/dev/cbc-1.0/test/union-semcheck7.cb"
parseFile "d:/data/dev/cbc-1.0/test/union-semcheck8.cb"
parseFile "d:/data/dev/cbc-1.0/test/union-semcheck9.cb"
parseFile "d:/data/dev/cbc-1.0/test/union.cb"
parseFile "d:/data/dev/cbc-1.0/test/usertype.cb"
parseFile "d:/data/dev/cbc-1.0/test/ushortops.cb"
parseFile "d:/data/dev/cbc-1.0/test/ushortops2.cb"
parseFile "d:/data/dev/cbc-1.0/test/utf.cb"
parseFile "d:/data/dev/cbc-1.0/test/utf.out"
parseFile "d:/data/dev/cbc-1.0/test/validstmt1.cb"
parseFile "d:/data/dev/cbc-1.0/test/var-semcheck.cb"
parseFile "d:/data/dev/cbc-1.0/test/varargs.cb"
parseFile "d:/data/dev/cbc-1.0/test/vardecl.cb"
parseFile "d:/data/dev/cbc-1.0/test/while-break.cb"
parseFile "d:/data/dev/cbc-1.0/test/while-continue.cb"
parseFile "d:/data/dev/cbc-1.0/test/while1.cb"
parseFile "d:/data/dev/cbc-1.0/test/while2.cb"
parseFile "d:/data/dev/cbc-1.0/test/while3.cb"
parseFile "d:/data/dev/cbc-1.0/test/zero.cb"
